[0.002s][info][gc,init] CardTable entry size: 512
[0.002s][info][gc     ] Using G1
[0.007s][info][gc,init] Version: 24.0.1+9-jvmci-b01 (release)
[0.007s][info][gc,init] CPUs: 16 total, 16 available
[0.007s][info][gc,init] Memory: 64190M
[0.007s][info][gc,init] Large Page Support: Disabled
[0.007s][info][gc,init] NUMA Support: Disabled
[0.007s][info][gc,init] Compressed Oops: Enabled (32-bit)
[0.007s][info][gc,init] Heap Region Size: 1M
[0.007s][info][gc,init] Heap Min Capacity: 8M
[0.007s][info][gc,init] Heap Initial Capacity: 1004M
[0.007s][info][gc,init] Heap Max Capacity: 2G
[0.007s][info][gc,init] Pre-touch: Disabled
[0.007s][info][gc,init] Parallel Workers: 13
[0.007s][info][gc,init] Concurrent Workers: 3
[0.007s][info][gc,init] Concurrent Refinement Workers: 13
[0.007s][info][gc,init] Periodic GC: Disabled
[0.009s][info][gc,metaspace] CDS archive(s) mapped at: [0x000074c086000000-0x000074c086d23000-0x000074c086d23000), size 13774848, SharedBaseAddress: 0x000074c086000000, ArchiveRelocationMode: 1.
[0.009s][info][gc,metaspace] Compressed class space mapped at: 0x000074c087000000-0x000074c0c7000000, reserved size: 1073741824
[0.009s][info][gc,metaspace] UseCompressedClassPointers 1, UseCompactObjectHeaders 0
[0.009s][info][gc,metaspace] Narrow klass pointer bits 32, Max shift 3
[0.009s][info][gc,metaspace] Narrow klass base: 0x000074c086000000, Narrow klass shift: 0
[0.009s][info][gc,metaspace] Encoding Range: [0x000074c086000000 - 0x000074c186000000), (4294967296 bytes)
[0.009s][info][gc,metaspace] Klass Range:    [0x000074c086000000 - 0x000074c0c7000000), (1090519040 bytes)
[0.009s][info][gc,metaspace] Klass ID Range:  [8 - 1090519033) (1090519025)
[0.289s][info][gc,start    ] GC(0) Pause Full (System.gc())
[0.290s][info][gc,task     ] GC(0) Using 13 workers of 13 for full compaction
[0.290s][info][gc,phases,start] GC(0) Phase 1: Mark live objects
[0.292s][info][gc,phases      ] GC(0) Phase 1: Mark live objects 1.816ms
[0.292s][info][gc,phases,start] GC(0) Phase 2: Prepare compaction
[0.292s][info][gc,phases      ] GC(0) Phase 2: Prepare compaction 0.573ms
[0.292s][info][gc,phases,start] GC(0) Phase 3: Adjust pointers
[0.293s][info][gc,phases      ] GC(0) Phase 3: Adjust pointers 0.820ms
[0.293s][info][gc,phases,start] GC(0) Phase 4: Compact heap
[0.294s][info][gc,phases      ] GC(0) Phase 4: Compact heap 0.667ms
[0.294s][info][gc,phases,start] GC(0) Phase 5: Reset Metadata
[0.294s][info][gc,phases      ] GC(0) Phase 5: Reset Metadata 0.328ms
[0.296s][info][gc,heap        ] GC(0) Eden regions: 22->0(16)
[0.296s][info][gc,heap        ] GC(0) Survivor regions: 0->0(0)
[0.296s][info][gc,heap        ] GC(0) Old regions: 2->13
[0.296s][info][gc,heap        ] GC(0) Humongous regions: 0->0
[0.296s][info][gc,metaspace   ] GC(0) Metaspace: 6075K(6336K)->6075K(6336K) NonClass: 5499K(5632K)->5499K(5632K) Class: 575K(704K)->575K(704K)
[0.296s][info][gc             ] GC(0) Pause Full (System.gc()) 23M->5M(44M) 6.918ms
[0.296s][info][gc,cpu         ] GC(0) User=0.02s Sys=0.02s Real=0.01s
[0.541s][info][gc,start       ] GC(1) Pause Young (Normal) (G1 Evacuation Pause)
[0.541s][info][gc,task        ] GC(1) Using 10 workers of 13 for evacuation
[0.545s][info][gc,phases      ] GC(1)   Pre Evacuate Collection Set: 0.09ms
[0.545s][info][gc,phases      ] GC(1)   Merge Heap Roots: 0.10ms
[0.545s][info][gc,phases      ] GC(1)   Evacuate Collection Set: 4.17ms
[0.545s][info][gc,phases      ] GC(1)   Post Evacuate Collection Set: 0.21ms
[0.545s][info][gc,phases      ] GC(1)   Other: 0.05ms
[0.545s][info][gc,heap        ] GC(1) Eden regions: 16->0(5)
[0.545s][info][gc,heap        ] GC(1) Survivor regions: 0->2(2)
[0.545s][info][gc,heap        ] GC(1) Old regions: 13->25
[0.545s][info][gc,heap        ] GC(1) Humongous regions: 4->4
[0.545s][info][gc,metaspace   ] GC(1) Metaspace: 6444K(6656K)->6444K(6656K) NonClass: 5850K(5952K)->5850K(5952K) Class: 593K(704K)->593K(704K)
[0.545s][info][gc             ] GC(1) Pause Young (Normal) (G1 Evacuation Pause) 25M->23M(47M) 4.775ms
[0.545s][info][gc,cpu         ] GC(1) User=0.04s Sys=0.01s Real=0.01s
[0.554s][info][gc,start       ] GC(2) Pause Young (Concurrent Start) (G1 Evacuation Pause)
[0.554s][info][gc,task        ] GC(2) Using 9 workers of 13 for evacuation
[0.556s][info][gc,phases      ] GC(2)   Pre Evacuate Collection Set: 0.19ms
[0.556s][info][gc,phases      ] GC(2)   Merge Heap Roots: 0.03ms
[0.556s][info][gc,phases      ] GC(2)   Evacuate Collection Set: 1.80ms
[0.556s][info][gc,phases      ] GC(2)   Post Evacuate Collection Set: 0.23ms
[0.556s][info][gc,phases      ] GC(2)   Other: 0.12ms
[0.556s][info][gc,heap        ] GC(2) Eden regions: 5->0(3)
[0.556s][info][gc,heap        ] GC(2) Survivor regions: 2->1(1)
[0.556s][info][gc,heap        ] GC(2) Old regions: 25->32
[0.556s][info][gc,heap        ] GC(2) Humongous regions: 4->4
[0.556s][info][gc,metaspace   ] GC(2) Metaspace: 6444K(6656K)->6444K(6656K) NonClass: 5850K(5952K)->5850K(5952K) Class: 593K(704K)->593K(704K)
[0.557s][info][gc             ] GC(2) Pause Young (Concurrent Start) (G1 Evacuation Pause) 28M->29M(47M) 2.462ms
[0.557s][info][gc,cpu         ] GC(2) User=0.02s Sys=0.00s Real=0.00s
[0.557s][info][gc             ] GC(3) Concurrent Mark Cycle
[0.557s][info][gc,marking     ] GC(3) Concurrent Scan Root Regions
[0.557s][info][gc,marking     ] GC(3) Concurrent Scan Root Regions 0.869ms
[0.557s][info][gc,marking     ] GC(3) Concurrent Mark
[0.557s][info][gc,marking     ] GC(3) Concurrent Mark From Roots
[0.557s][info][gc,task        ] GC(3) Using 3 workers of 3 for marking
[0.561s][info][gc,start       ] GC(4) Pause Young (Normal) (G1 Evacuation Pause)
[0.561s][info][gc,task        ] GC(4) Using 8 workers of 13 for evacuation
[0.562s][info][gc,phases      ] GC(4)   Pre Evacuate Collection Set: 0.12ms
[0.563s][info][gc,phases      ] GC(4)   Merge Heap Roots: 0.03ms
[0.563s][info][gc,phases      ] GC(4)   Evacuate Collection Set: 1.38ms
[0.563s][info][gc,phases      ] GC(4)   Post Evacuate Collection Set: 0.10ms
[0.563s][info][gc,phases      ] GC(4)   Other: 0.04ms
[0.563s][info][gc,heap        ] GC(4) Eden regions: 3->0(1)
[0.563s][info][gc,heap        ] GC(4) Survivor regions: 1->1(1)
[0.563s][info][gc,heap        ] GC(4) Old regions: 32->36
[0.563s][info][gc,heap        ] GC(4) Humongous regions: 7->7
[0.563s][info][gc,metaspace   ] GC(4) Metaspace: 6444K(6656K)->6444K(6656K) NonClass: 5850K(5952K)->5850K(5952K) Class: 593K(704K)->593K(704K)
[0.563s][info][gc             ] GC(4) Pause Young (Normal) (G1 Evacuation Pause) 35M->36M(48M) 1.745ms
[0.563s][info][gc,cpu         ] GC(4) User=0.01s Sys=0.00s Real=0.00s
[0.564s][info][gc,start       ] GC(5) Pause Young (Normal) (G1 Evacuation Pause)
[0.564s][info][gc,task        ] GC(5) Using 8 workers of 13 for evacuation
[0.566s][info][gc,phases      ] GC(5)   Pre Evacuate Collection Set: 0.13ms
[0.566s][info][gc,phases      ] GC(5)   Merge Heap Roots: 0.02ms
[0.566s][info][gc,phases      ] GC(5)   Evacuate Collection Set: 0.60ms
[0.566s][info][gc,phases      ] GC(5)   Post Evacuate Collection Set: 1.14ms
[0.566s][info][gc,phases      ] GC(5)   Other: 0.03ms
[0.566s][info][gc,heap        ] GC(5) Eden regions: 1->0(165)
[0.566s][info][gc,heap        ] GC(5) Survivor regions: 1->1(1)
[0.566s][info][gc,heap        ] GC(5) Old regions: 36->38
[0.566s][info][gc,heap        ] GC(5) Humongous regions: 7->7
[0.566s][info][gc,metaspace   ] GC(5) Metaspace: 6444K(6656K)->6444K(6656K) NonClass: 5850K(5952K)->5850K(5952K) Class: 593K(704K)->593K(704K)
[0.566s][info][gc             ] GC(5) Pause Young (Normal) (G1 Evacuation Pause) 37M->38M(526M) 1.971ms
[0.566s][info][gc,cpu         ] GC(5) User=0.01s Sys=0.00s Real=0.00s
[0.568s][info][gc,marking     ] GC(3) Concurrent Mark From Roots 10.935ms
[0.568s][info][gc,marking     ] GC(3) Concurrent Preclean
[0.568s][info][gc,marking     ] GC(3) Concurrent Preclean 0.019ms
[0.569s][info][gc,start       ] GC(3) Pause Remark
[0.569s][info][gc             ] GC(3) Pause Remark 39M->37M(147M) 0.745ms
[0.569s][info][gc,cpu         ] GC(3) User=0.00s Sys=0.00s Real=0.00s
[0.569s][info][gc,marking     ] GC(3) Concurrent Mark 11.862ms
[0.569s][info][gc,marking     ] GC(3) Concurrent Rebuild Remembered Sets and Scrub Regions
[0.573s][info][gc,marking     ] GC(3) Concurrent Rebuild Remembered Sets and Scrub Regions 3.357ms
[0.573s][info][gc,start       ] GC(3) Pause Cleanup
[0.573s][info][gc             ] GC(3) Pause Cleanup 38M->38M(147M) 0.017ms
[0.573s][info][gc,cpu         ] GC(3) User=0.00s Sys=0.00s Real=0.00s
[0.573s][info][gc,marking     ] GC(3) Concurrent Clear Claimed Marks
[0.573s][info][gc,marking     ] GC(3) Concurrent Clear Claimed Marks 0.009ms
[0.573s][info][gc,marking     ] GC(3) Concurrent Cleanup for Next Mark
[0.573s][info][gc,marking     ] GC(3) Concurrent Cleanup for Next Mark 0.263ms
[0.573s][info][gc             ] GC(3) Concurrent Mark Cycle 16.586ms
[0.651s][info][gc,start       ] GC(6) Pause Full (System.gc())
[0.651s][info][gc,task        ] GC(6) Using 5 workers of 13 for full compaction
[0.651s][info][gc,phases,start] GC(6) Phase 1: Mark live objects
[0.666s][info][gc,phases      ] GC(6) Phase 1: Mark live objects 15.743ms
[0.666s][info][gc,phases,start] GC(6) Phase 2: Prepare compaction
[0.667s][info][gc,phases      ] GC(6) Phase 2: Prepare compaction 0.974ms
[0.667s][info][gc,phases,start] GC(6) Phase 3: Adjust pointers
[0.672s][info][gc,phases      ] GC(6) Phase 3: Adjust pointers 4.095ms
[0.672s][info][gc,phases,start] GC(6) Phase 4: Compact heap
[0.673s][info][gc,phases      ] GC(6) Phase 4: Compact heap 1.775ms
[0.673s][info][gc,phases,start] GC(6) Phase 5: Reset Metadata
[0.675s][info][gc,phases      ] GC(6) Phase 5: Reset Metadata 1.732ms
[0.676s][info][gc,heap        ] GC(6) Eden regions: 20->0(30)
[0.676s][info][gc,heap        ] GC(6) Survivor regions: 1->0(1)
[0.676s][info][gc,heap        ] GC(6) Old regions: 38->47
[0.676s][info][gc,heap        ] GC(6) Humongous regions: 17->8
[0.676s][info][gc,metaspace   ] GC(6) Metaspace: 6935K(7104K)->6935K(7104K) NonClass: 6323K(6400K)->6323K(6400K) Class: 611K(704K)->611K(704K)
[0.676s][info][gc             ] GC(6) Pause Full (System.gc()) 67M->52M(147M) 25.250ms
[0.676s][info][gc,cpu         ] GC(6) User=0.11s Sys=0.01s Real=0.03s
[0.907s][info][gc,start       ] GC(7) Pause Young (Normal) (G1 Evacuation Pause)
[0.907s][info][gc,task        ] GC(7) Using 8 workers of 13 for evacuation
[0.913s][info][gc,phases      ] GC(7)   Pre Evacuate Collection Set: 0.10ms
[0.913s][info][gc,phases      ] GC(7)   Merge Heap Roots: 0.06ms
[0.913s][info][gc,phases      ] GC(7)   Evacuate Collection Set: 5.52ms
[0.913s][info][gc,phases      ] GC(7)   Post Evacuate Collection Set: 0.24ms
[0.913s][info][gc,phases      ] GC(7)   Other: 0.23ms
[0.913s][info][gc,heap        ] GC(7) Eden regions: 30->0(20)
[0.913s][info][gc,heap        ] GC(7) Survivor regions: 0->4(4)
[0.913s][info][gc,heap        ] GC(7) Old regions: 47->73
[0.913s][info][gc,heap        ] GC(7) Humongous regions: 8->8
[0.913s][info][gc,metaspace   ] GC(7) Metaspace: 6992K(7168K)->6992K(7168K) NonClass: 6376K(6464K)->6376K(6464K) Class: 615K(704K)->615K(704K)
[0.913s][info][gc             ] GC(7) Pause Young (Normal) (G1 Evacuation Pause) 82M->82M(147M) 6.322ms
[0.913s][info][gc,cpu         ] GC(7) User=0.04s Sys=0.01s Real=0.01s
[0.923s][info][gc,start       ] GC(8) Pause Young (Concurrent Start) (G1 Evacuation Pause)
[0.923s][info][gc,task        ] GC(8) Using 8 workers of 13 for evacuation
[0.930s][info][gc,phases      ] GC(8)   Pre Evacuate Collection Set: 0.18ms
[0.930s][info][gc,phases      ] GC(8)   Merge Heap Roots: 0.08ms
[0.930s][info][gc,phases      ] GC(8)   Evacuate Collection Set: 5.88ms
[0.930s][info][gc,phases      ] GC(8)   Post Evacuate Collection Set: 0.25ms
[0.930s][info][gc,phases      ] GC(8)   Other: 0.17ms
[0.930s][info][gc,heap        ] GC(8) Eden regions: 20->0(13)
[0.930s][info][gc,heap        ] GC(8) Survivor regions: 4->3(3)
[0.930s][info][gc,heap        ] GC(8) Old regions: 73->95
[0.930s][info][gc,heap        ] GC(8) Humongous regions: 8->8
[0.930s][info][gc,metaspace   ] GC(8) Metaspace: 6993K(7168K)->6993K(7168K) NonClass: 6377K(6464K)->6377K(6464K) Class: 615K(704K)->615K(704K)
[0.930s][info][gc             ] GC(8) Pause Young (Concurrent Start) (G1 Evacuation Pause) 102M->103M(147M) 6.722ms
[0.930s][info][gc,cpu         ] GC(8) User=0.05s Sys=0.01s Real=0.00s
[0.930s][info][gc             ] GC(9) Concurrent Mark Cycle
[0.930s][info][gc,marking     ] GC(9) Concurrent Scan Root Regions
[0.934s][info][gc,marking     ] GC(9) Concurrent Scan Root Regions 3.468ms
[0.934s][info][gc,marking     ] GC(9) Concurrent Mark
[0.934s][info][gc,marking     ] GC(9) Concurrent Mark From Roots
[0.934s][info][gc,task        ] GC(9) Using 3 workers of 3 for marking
[0.935s][info][gc,start       ] GC(10) Pause Young (Normal) (G1 Evacuation Pause)
[0.935s][info][gc,task        ] GC(10) Using 8 workers of 13 for evacuation
[0.938s][info][gc,phases      ] GC(10)   Pre Evacuate Collection Set: 0.13ms
[0.938s][info][gc,phases      ] GC(10)   Merge Heap Roots: 0.02ms
[0.938s][info][gc,phases      ] GC(10)   Evacuate Collection Set: 2.79ms
[0.938s][info][gc,phases      ] GC(10)   Post Evacuate Collection Set: 0.20ms
[0.938s][info][gc,phases      ] GC(10)   Other: 0.04ms
[0.938s][info][gc,heap        ] GC(10) Eden regions: 13->0(8)
[0.938s][info][gc,heap        ] GC(10) Survivor regions: 3->2(2)
[0.938s][info][gc,heap        ] GC(10) Old regions: 95->110
[0.938s][info][gc,heap        ] GC(10) Humongous regions: 8->8
[0.938s][info][gc,metaspace   ] GC(10) Metaspace: 6993K(7168K)->6993K(7168K) NonClass: 6377K(6464K)->6377K(6464K) Class: 615K(704K)->615K(704K)
[0.938s][info][gc             ] GC(10) Pause Young (Normal) (G1 Evacuation Pause) 116M->117M(147M) 3.292ms
[0.938s][info][gc,cpu         ] GC(10) User=0.03s Sys=0.00s Real=0.00s
[0.941s][info][gc,start       ] GC(11) Pause Young (Normal) (G1 Evacuation Pause)
[0.941s][info][gc,task        ] GC(11) Using 8 workers of 13 for evacuation
[0.944s][info][gc,phases      ] GC(11)   Pre Evacuate Collection Set: 0.13ms
[0.944s][info][gc,phases      ] GC(11)   Merge Heap Roots: 0.02ms
[0.944s][info][gc,phases      ] GC(11)   Evacuate Collection Set: 1.70ms
[0.944s][info][gc,phases      ] GC(11)   Post Evacuate Collection Set: 1.46ms
[0.944s][info][gc,phases      ] GC(11)   Other: 0.06ms
[0.944s][info][gc,heap        ] GC(11) Eden regions: 8->0(141)
[0.944s][info][gc,heap        ] GC(11) Survivor regions: 2->2(2)
[0.944s][info][gc,heap        ] GC(11) Old regions: 110->119
[0.944s][info][gc,heap        ] GC(11) Humongous regions: 8->8
[0.944s][info][gc,metaspace   ] GC(11) Metaspace: 6993K(7168K)->6993K(7168K) NonClass: 6377K(6464K)->6377K(6464K) Class: 615K(704K)->615K(704K)
[0.944s][info][gc             ] GC(11) Pause Young (Normal) (G1 Evacuation Pause) 125M->125M(576M) 3.495ms
[0.944s][info][gc,cpu         ] GC(11) User=0.01s Sys=0.00s Real=0.01s
[0.974s][info][gc,marking     ] GC(9) Concurrent Mark From Roots 40.643ms
[0.974s][info][gc,marking     ] GC(9) Concurrent Preclean
[0.974s][info][gc,marking     ] GC(9) Concurrent Preclean 0.026ms
[0.975s][info][gc,start       ] GC(9) Pause Remark
[0.975s][info][gc             ] GC(9) Pause Remark 183M->183M(430M) 0.824ms
[0.975s][info][gc,cpu         ] GC(9) User=0.00s Sys=0.00s Real=0.00s
[0.975s][info][gc,marking     ] GC(9) Concurrent Mark 41.690ms
[0.975s][info][gc,marking     ] GC(9) Concurrent Rebuild Remembered Sets and Scrub Regions
[0.991s][info][gc,marking     ] GC(9) Concurrent Rebuild Remembered Sets and Scrub Regions 16.028ms
[0.992s][info][gc,start       ] GC(9) Pause Cleanup
[0.992s][info][gc             ] GC(9) Pause Cleanup 214M->214M(430M) 0.050ms
[0.992s][info][gc,cpu         ] GC(9) User=0.00s Sys=0.00s Real=0.00s
[0.992s][info][gc,marking     ] GC(9) Concurrent Clear Claimed Marks
[0.992s][info][gc,marking     ] GC(9) Concurrent Clear Claimed Marks 0.012ms
[0.992s][info][gc,marking     ] GC(9) Concurrent Cleanup for Next Mark
[0.992s][info][gc,marking     ] GC(9) Concurrent Cleanup for Next Mark 0.629ms
[0.992s][info][gc             ] GC(9) Concurrent Mark Cycle 62.079ms
[1.018s][info][gc,start       ] GC(12) Pause Young (Prepare Mixed) (G1 Evacuation Pause)
[1.018s][info][gc,task        ] GC(12) Using 10 workers of 13 for evacuation
[1.041s][info][gc,phases      ] GC(12)   Pre Evacuate Collection Set: 0.15ms
[1.041s][info][gc,phases      ] GC(12)   Merge Heap Roots: 0.08ms
[1.041s][info][gc,phases      ] GC(12)   Evacuate Collection Set: 22.37ms
[1.041s][info][gc,phases      ] GC(12)   Post Evacuate Collection Set: 0.29ms
[1.041s][info][gc,phases      ] GC(12)   Other: 0.07ms
[1.041s][info][gc,heap        ] GC(12) Eden regions: 141->0(53)
[1.041s][info][gc,heap        ] GC(12) Survivor regions: 2->18(18)
[1.041s][info][gc,heap        ] GC(12) Old regions: 119->238
[1.041s][info][gc,heap        ] GC(12) Humongous regions: 8->8
[1.041s][info][gc,metaspace   ] GC(12) Metaspace: 6993K(7168K)->6993K(7168K) NonClass: 6377K(6464K)->6377K(6464K) Class: 615K(704K)->615K(704K)
[1.041s][info][gc             ] GC(12) Pause Young (Prepare Mixed) (G1 Evacuation Pause) 266M->260M(430M) 23.085ms
[1.041s][info][gc,cpu         ] GC(12) User=0.19s Sys=0.03s Real=0.02s
[1.053s][info][gc,start       ] GC(13) Pause Young (Mixed) (G1 Evacuation Pause)
[1.053s][info][gc,task        ] GC(13) Using 10 workers of 13 for evacuation
[1.065s][info][gc,phases      ] GC(13)   Pre Evacuate Collection Set: 0.17ms
[1.065s][info][gc,phases      ] GC(13)   Merge Heap Roots: 0.06ms
[1.065s][info][gc,phases      ] GC(13)   Evacuate Collection Set: 11.66ms
[1.065s][info][gc,phases      ] GC(13)   Post Evacuate Collection Set: 0.32ms
[1.065s][info][gc,phases      ] GC(13)   Other: 0.05ms
[1.065s][info][gc,heap        ] GC(13) Eden regions: 53->0(36)
[1.065s][info][gc,heap        ] GC(13) Survivor regions: 18->9(9)
[1.065s][info][gc,heap        ] GC(13) Old regions: 238->298
[1.065s][info][gc,heap        ] GC(13) Humongous regions: 8->8
[1.066s][info][gc,metaspace   ] GC(13) Metaspace: 6993K(7168K)->6993K(7168K) NonClass: 6377K(6464K)->6377K(6464K) Class: 615K(704K)->615K(704K)
[1.066s][info][gc             ] GC(13) Pause Young (Mixed) (G1 Evacuation Pause) 313M->311M(430M) 12.363ms
[1.066s][info][gc,cpu         ] GC(13) User=0.11s Sys=0.01s Real=0.01s
[1.123s][info][gc,start       ] GC(14) Pause Young (Concurrent Start) (G1 Evacuation Pause)
[1.123s][info][gc,task        ] GC(14) Using 10 workers of 13 for evacuation
[1.136s][info][gc,phases      ] GC(14)   Pre Evacuate Collection Set: 0.19ms
[1.136s][info][gc,phases      ] GC(14)   Merge Heap Roots: 0.11ms
[1.136s][info][gc,phases      ] GC(14)   Evacuate Collection Set: 12.36ms
[1.136s][info][gc,phases      ] GC(14)   Post Evacuate Collection Set: 0.20ms
[1.136s][info][gc,phases      ] GC(14)   Other: 0.07ms
[1.136s][info][gc,heap        ] GC(14) Eden regions: 36->0(26)
[1.136s][info][gc,heap        ] GC(14) Survivor regions: 9->6(6)
[1.136s][info][gc,heap        ] GC(14) Old regions: 298->335
[1.136s][info][gc,heap        ] GC(14) Humongous regions: 8->8
[1.136s][info][gc,metaspace   ] GC(14) Metaspace: 7074K(7232K)->7074K(7232K) NonClass: 6456K(6528K)->6456K(6528K) Class: 617K(704K)->617K(704K)
[1.136s][info][gc             ] GC(14) Pause Young (Concurrent Start) (G1 Evacuation Pause) 347M->345M(430M) 13.038ms
[1.136s][info][gc             ] GC(15) Concurrent Mark Cycle
[1.136s][info][gc,marking     ] GC(15) Concurrent Scan Root Regions
[1.136s][info][gc,cpu         ] GC(14) User=0.11s Sys=0.01s Real=0.01s
[1.145s][info][gc,marking     ] GC(15) Concurrent Scan Root Regions 8.460ms
[1.145s][info][gc,marking     ] GC(15) Concurrent Mark
[1.145s][info][gc,marking     ] GC(15) Concurrent Mark From Roots
[1.145s][info][gc,task        ] GC(15) Using 3 workers of 3 for marking
[1.240s][info][gc,start       ] GC(16) Pause Young (Normal) (G1 Evacuation Pause)
[1.240s][info][gc,task        ] GC(16) Using 10 workers of 13 for evacuation
[1.257s][info][gc,phases      ] GC(16)   Pre Evacuate Collection Set: 0.11ms
[1.257s][info][gc,phases      ] GC(16)   Merge Heap Roots: 0.18ms
[1.257s][info][gc,phases      ] GC(16)   Evacuate Collection Set: 16.85ms
[1.257s][info][gc,phases      ] GC(16)   Post Evacuate Collection Set: 0.11ms
[1.257s][info][gc,phases      ] GC(16)   Other: 0.05ms
[1.257s][info][gc,heap        ] GC(16) Eden regions: 26->0(19)
[1.257s][info][gc,heap        ] GC(16) Survivor regions: 6->4(4)
[1.257s][info][gc,heap        ] GC(16) Old regions: 335->360
[1.257s][info][gc,heap        ] GC(16) Humongous regions: 8->8
[1.257s][info][gc,metaspace   ] GC(16) Metaspace: 7074K(7232K)->7074K(7232K) NonClass: 6456K(6528K)->6456K(6528K) Class: 617K(704K)->617K(704K)
[1.257s][info][gc             ] GC(16) Pause Young (Normal) (G1 Evacuation Pause) 371M->368M(430M) 17.424ms
[1.257s][info][gc,cpu         ] GC(16) User=0.14s Sys=0.01s Real=0.02s
[1.277s][info][gc,marking     ] GC(15) Concurrent Mark From Roots 131.902ms
[1.277s][info][gc,marking     ] GC(15) Concurrent Preclean
[1.277s][info][gc,marking     ] GC(15) Concurrent Preclean 0.032ms
[1.277s][info][gc,start       ] GC(15) Pause Remark
[1.278s][info][gc             ] GC(15) Pause Remark 375M->375M(620M) 1.128ms
[1.278s][info][gc,cpu         ] GC(15) User=0.01s Sys=0.01s Real=0.00s
[1.278s][info][gc,marking     ] GC(15) Concurrent Mark 133.279ms
[1.278s][info][gc,marking     ] GC(15) Concurrent Rebuild Remembered Sets and Scrub Regions
[1.331s][info][gc,marking     ] GC(15) Concurrent Rebuild Remembered Sets and Scrub Regions 52.844ms
[1.331s][info][gc,start       ] GC(15) Pause Cleanup
[1.331s][info][gc             ] GC(15) Pause Cleanup 394M->394M(620M) 0.038ms
[1.331s][info][gc,cpu         ] GC(15) User=0.00s Sys=0.00s Real=0.00s
[1.331s][info][gc,marking     ] GC(15) Concurrent Clear Claimed Marks
[1.331s][info][gc,marking     ] GC(15) Concurrent Clear Claimed Marks 0.014ms
[1.331s][info][gc,marking     ] GC(15) Concurrent Cleanup for Next Mark
[1.332s][info][gc,marking     ] GC(15) Concurrent Cleanup for Next Mark 0.499ms
[1.332s][info][gc             ] GC(15) Concurrent Mark Cycle 195.412ms
[1.335s][info][gc,start       ] GC(17) Pause Young (Prepare Mixed) (G1 Evacuation Pause)
[1.335s][info][gc,task        ] GC(17) Using 13 workers of 13 for evacuation
[1.352s][info][gc,phases      ] GC(17)   Pre Evacuate Collection Set: 0.19ms
[1.352s][info][gc,phases      ] GC(17)   Merge Heap Roots: 0.32ms
[1.352s][info][gc,phases      ] GC(17)   Evacuate Collection Set: 16.14ms
[1.352s][info][gc,phases      ] GC(17)   Post Evacuate Collection Set: 0.18ms
[1.352s][info][gc,phases      ] GC(17)   Other: 0.05ms
[1.352s][info][gc,heap        ] GC(17) Eden regions: 27->0(74)
[1.352s][info][gc,heap        ] GC(17) Survivor regions: 4->4(4)
[1.352s][info][gc,heap        ] GC(17) Old regions: 360->385
[1.352s][info][gc,heap        ] GC(17) Humongous regions: 8->8
[1.352s][info][gc,metaspace   ] GC(17) Metaspace: 7074K(7232K)->7074K(7232K) NonClass: 6456K(6528K)->6456K(6528K) Class: 617K(704K)->617K(704K)
[1.352s][info][gc             ] GC(17) Pause Young (Prepare Mixed) (G1 Evacuation Pause) 395M->393M(620M) 16.981ms
[1.352s][info][gc,cpu         ] GC(17) User=0.18s Sys=0.02s Real=0.01s
[1.540s][info][gc,start       ] GC(18) Pause Young (Mixed) (G1 Evacuation Pause)
[1.540s][info][gc,task        ] GC(18) Using 13 workers of 13 for evacuation
[1.577s][info][gc,phases      ] GC(18)   Pre Evacuate Collection Set: 0.18ms
[1.577s][info][gc,phases      ] GC(18)   Merge Heap Roots: 0.42ms
[1.577s][info][gc,phases      ] GC(18)   Evacuate Collection Set: 34.85ms
[1.577s][info][gc,phases      ] GC(18)   Post Evacuate Collection Set: 1.77ms
[1.577s][info][gc,phases      ] GC(18)   Other: 0.06ms
[1.577s][info][gc,heap        ] GC(18) Eden regions: 74->0(245)
[1.577s][info][gc,heap        ] GC(18) Survivor regions: 4->10(10)
[1.577s][info][gc,heap        ] GC(18) Old regions: 385->440
[1.577s][info][gc,heap        ] GC(18) Humongous regions: 8->8
[1.577s][info][gc,metaspace   ] GC(18) Metaspace: 7074K(7232K)->7074K(7232K) NonClass: 6456K(6528K)->6456K(6528K) Class: 617K(704K)->617K(704K)
[1.577s][info][gc             ] GC(18) Pause Young (Mixed) (G1 Evacuation Pause) 467M->455M(1192M) 37.421ms
[1.577s][info][gc,cpu         ] GC(18) User=0.39s Sys=0.04s Real=0.04s
[2.149s][info][gc,start       ] GC(19) Pause Full (System.gc())
[2.149s][info][gc,task        ] GC(19) Using 13 workers of 13 for full compaction
[2.149s][info][gc,phases,start] GC(19) Phase 1: Mark live objects
[2.227s][info][gc,phases      ] GC(19) Phase 1: Mark live objects 78.357ms
[2.227s][info][gc,phases,start] GC(19) Phase 2: Prepare compaction
[2.247s][info][gc,phases      ] GC(19) Phase 2: Prepare compaction 19.728ms
[2.247s][info][gc,phases,start] GC(19) Phase 3: Adjust pointers
[2.296s][info][gc,phases      ] GC(19) Phase 3: Adjust pointers 48.465ms
[2.296s][info][gc,phases,start] GC(19) Phase 4: Compact heap
[2.317s][info][gc,phases      ] GC(19) Phase 4: Compact heap 21.634ms
[2.317s][info][gc,phases,start] GC(19) Phase 5: Reset Metadata
[2.334s][info][gc,phases      ] GC(19) Phase 5: Reset Metadata 17.064ms
[2.336s][info][gc,heap        ] GC(19) Eden regions: 187->0(204)
[2.336s][info][gc,heap        ] GC(19) Survivor regions: 10->0(10)
[2.336s][info][gc,heap        ] GC(19) Old regions: 440->573
[2.336s][info][gc,heap        ] GC(19) Humongous regions: 8->8
[2.336s][info][gc,metaspace   ] GC(19) Metaspace: 7074K(7232K)->7074K(7232K) NonClass: 6456K(6528K)->6456K(6528K) Class: 617K(704K)->617K(704K)
[2.336s][info][gc             ] GC(19) Pause Full (System.gc()) 642M->573M(1192M) 187.098ms
[2.336s][info][gc,cpu         ] GC(19) User=2.24s Sys=0.07s Real=0.19s
[2.550s][info][gc,heap,exit   ] Heap
[2.550s][info][gc,heap,exit   ]  garbage-first heap   total reserved 2097152K, committed 1220608K, used 589968K [0x0000000080000000, 0x0000000100000000)
[2.550s][info][gc,heap,exit   ]   region size 1024K, 3 young (3072K), 0 survivors (0K)
[2.550s][info][gc,heap,exit   ]  Metaspace       used 7186K, committed 7424K, reserved 1114112K
[2.550s][info][gc,heap,exit   ]   class space    used 630K, committed 768K, reserved 1048576K
