[0.002s][info][gc,init] CardTable entry size: 512
[0.002s][info][gc     ] Using G1
[0.008s][info][gc,init] Version: 24.0.1+9-jvmci-b01 (release)
[0.008s][info][gc,init] CPUs: 16 total, 16 available
[0.008s][info][gc,init] Memory: 64190M
[0.008s][info][gc,init] Large Page Support: Disabled
[0.008s][info][gc,init] NUMA Support: Disabled
[0.008s][info][gc,init] Compressed Oops: Enabled (32-bit)
[0.008s][info][gc,init] Heap Region Size: 1M
[0.008s][info][gc,init] Heap Min Capacity: 8M
[0.008s][info][gc,init] Heap Initial Capacity: 1004M
[0.008s][info][gc,init] Heap Max Capacity: 2G
[0.008s][info][gc,init] Pre-touch: Disabled
[0.008s][info][gc,init] Parallel Workers: 13
[0.008s][info][gc,init] Concurrent Workers: 3
[0.008s][info][gc,init] Concurrent Refinement Workers: 13
[0.008s][info][gc,init] Periodic GC: Disabled
[0.010s][info][gc,metaspace] CDS archive(s) mapped at: [0x0000783586000000-0x0000783586d23000-0x0000783586d23000), size 13774848, SharedBaseAddress: 0x0000783586000000, ArchiveRelocationMode: 1.
[0.010s][info][gc,metaspace] Compressed class space mapped at: 0x0000783587000000-0x00007835c7000000, reserved size: 1073741824
[0.010s][info][gc,metaspace] UseCompressedClassPointers 1, UseCompactObjectHeaders 0
[0.010s][info][gc,metaspace] Narrow klass pointer bits 32, Max shift 3
[0.010s][info][gc,metaspace] Narrow klass base: 0x0000783586000000, Narrow klass shift: 0
[0.010s][info][gc,metaspace] Encoding Range: [0x0000783586000000 - 0x0000783686000000), (4294967296 bytes)
[0.010s][info][gc,metaspace] Klass Range:    [0x0000783586000000 - 0x00007835c7000000), (1090519040 bytes)
[0.010s][info][gc,metaspace] Klass ID Range:  [8 - 1090519033) (1090519025)
[0.348s][info][gc,heap,exit] Heap
[0.348s][info][gc,heap,exit]  garbage-first heap   total reserved 2097152K, committed 1030144K, used 23697K [0x0000000080000000, 0x0000000100000000)
[0.348s][info][gc,heap,exit]   region size 1024K, 22 young (22528K), 0 survivors (0K)
[0.348s][info][gc,heap,exit]  Metaspace       used 6019K, committed 6272K, reserved 1114112K
[0.348s][info][gc,heap,exit]   class space    used 566K, committed 704K, reserved 1048576K
